// Jest Snapshot v1, https://goo.gl/fbAQLP

exports[`Transactions should render the Transactions component correctly 1`] = `
<div
  className="sc-bczRLJ grjOHx"
>
  <img
    src="images/loader.svg"
  />
</div>
`;
